// Jest Snapshot v1, https://goo.gl/fbAQLP

exports[`renders correctly 1`] = `
ShallowWrapper {
  "length": 1,
  Symbol(enzyme.__root__): [Circular],
  Symbol(enzyme.__unrendered__): <Unknown />,
  Symbol(enzyme.__renderer__): Object {
    "batchedUpdates": [Function],
    "getNode": [Function],
    "render": [Function],
    "simulateEvent": [Function],
    "unmount": [Function],
  },
  Symbol(enzyme.__node__): Object {
    "instance": null,
    "key": undefined,
    "nodeType": "host",
    "props": Object {
      "children": Array [
        <h1>
          Colors from SCSS variables:
        </h1>,
        <ul>
          <li
            style={
              Object {
                "backgroundColor": "accentColor",
                "color": "white",
              }
            }
          >
            accentColor
          </li>
          <li
            style={
              Object {
                "backgroundColor": "errorColor",
                "color": "white",
              }
            }
          >
            errorColor
          </li>
          <li
            style={
              Object {
                "backgroundColor": "warningColor",
                "color": "white",
              }
            }
          >
            warningColor
          </li>
          <li
            style={
              Object {
                "backgroundColor": "infoColor",
                "color": "white",
              }
            }
          >
            infoColor
          </li>
        </ul>,
      ],
      "className": "componentBorder",
    },
    "ref": null,
    "rendered": Array [
      Object {
        "instance": null,
        "key": undefined,
        "nodeType": "host",
        "props": Object {
          "children": "Colors from SCSS variables:",
        },
        "ref": null,
        "rendered": "Colors from SCSS variables:",
        "type": "h1",
      },
      Object {
        "instance": null,
        "key": undefined,
        "nodeType": "host",
        "props": Object {
          "children": Array [
            <li
              style={
                Object {
                  "backgroundColor": "accentColor",
                  "color": "white",
                }
              }
            >
              accentColor
            </li>,
            <li
              style={
                Object {
                  "backgroundColor": "errorColor",
                  "color": "white",
                }
              }
            >
              errorColor
            </li>,
            <li
              style={
                Object {
                  "backgroundColor": "warningColor",
                  "color": "white",
                }
              }
            >
              warningColor
            </li>,
            <li
              style={
                Object {
                  "backgroundColor": "infoColor",
                  "color": "white",
                }
              }
            >
              infoColor
            </li>,
          ],
        },
        "ref": null,
        "rendered": Array [
          Object {
            "instance": null,
            "key": undefined,
            "nodeType": "host",
            "props": Object {
              "children": "accentColor",
              "style": Object {
                "backgroundColor": "accentColor",
                "color": "white",
              },
            },
            "ref": null,
            "rendered": "accentColor",
            "type": "li",
          },
          Object {
            "instance": null,
            "key": undefined,
            "nodeType": "host",
            "props": Object {
              "children": "errorColor",
              "style": Object {
                "backgroundColor": "errorColor",
                "color": "white",
              },
            },
            "ref": null,
            "rendered": "errorColor",
            "type": "li",
          },
          Object {
            "instance": null,
            "key": undefined,
            "nodeType": "host",
            "props": Object {
              "children": "warningColor",
              "style": Object {
                "backgroundColor": "warningColor",
                "color": "white",
              },
            },
            "ref": null,
            "rendered": "warningColor",
            "type": "li",
          },
          Object {
            "instance": null,
            "key": undefined,
            "nodeType": "host",
            "props": Object {
              "children": "infoColor",
              "style": Object {
                "backgroundColor": "infoColor",
                "color": "white",
              },
            },
            "ref": null,
            "rendered": "infoColor",
            "type": "li",
          },
        ],
        "type": "ul",
      },
    ],
    "type": "div",
  },
  Symbol(enzyme.__nodes__): Array [
    Object {
      "instance": null,
      "key": undefined,
      "nodeType": "host",
      "props": Object {
        "children": Array [
          <h1>
            Colors from SCSS variables:
          </h1>,
          <ul>
            <li
              style={
                Object {
                  "backgroundColor": "accentColor",
                  "color": "white",
                }
              }
            >
              accentColor
            </li>
            <li
              style={
                Object {
                  "backgroundColor": "errorColor",
                  "color": "white",
                }
              }
            >
              errorColor
            </li>
            <li
              style={
                Object {
                  "backgroundColor": "warningColor",
                  "color": "white",
                }
              }
            >
              warningColor
            </li>
            <li
              style={
                Object {
                  "backgroundColor": "infoColor",
                  "color": "white",
                }
              }
            >
              infoColor
            </li>
          </ul>,
        ],
        "className": "componentBorder",
      },
      "ref": null,
      "rendered": Array [
        Object {
          "instance": null,
          "key": undefined,
          "nodeType": "host",
          "props": Object {
            "children": "Colors from SCSS variables:",
          },
          "ref": null,
          "rendered": "Colors from SCSS variables:",
          "type": "h1",
        },
        Object {
          "instance": null,
          "key": undefined,
          "nodeType": "host",
          "props": Object {
            "children": Array [
              <li
                style={
                  Object {
                    "backgroundColor": "accentColor",
                    "color": "white",
                  }
                }
              >
                accentColor
              </li>,
              <li
                style={
                  Object {
                    "backgroundColor": "errorColor",
                    "color": "white",
                  }
                }
              >
                errorColor
              </li>,
              <li
                style={
                  Object {
                    "backgroundColor": "warningColor",
                    "color": "white",
                  }
                }
              >
                warningColor
              </li>,
              <li
                style={
                  Object {
                    "backgroundColor": "infoColor",
                    "color": "white",
                  }
                }
              >
                infoColor
              </li>,
            ],
          },
          "ref": null,
          "rendered": Array [
            Object {
              "instance": null,
              "key": undefined,
              "nodeType": "host",
              "props": Object {
                "children": "accentColor",
                "style": Object {
                  "backgroundColor": "accentColor",
                  "color": "white",
                },
              },
              "ref": null,
              "rendered": "accentColor",
              "type": "li",
            },
            Object {
              "instance": null,
              "key": undefined,
              "nodeType": "host",
              "props": Object {
                "children": "errorColor",
                "style": Object {
                  "backgroundColor": "errorColor",
                  "color": "white",
                },
              },
              "ref": null,
              "rendered": "errorColor",
              "type": "li",
            },
            Object {
              "instance": null,
              "key": undefined,
              "nodeType": "host",
              "props": Object {
                "children": "warningColor",
                "style": Object {
                  "backgroundColor": "warningColor",
                  "color": "white",
                },
              },
              "ref": null,
              "rendered": "warningColor",
              "type": "li",
            },
            Object {
              "instance": null,
              "key": undefined,
              "nodeType": "host",
              "props": Object {
                "children": "infoColor",
                "style": Object {
                  "backgroundColor": "infoColor",
                  "color": "white",
                },
              },
              "ref": null,
              "rendered": "infoColor",
              "type": "li",
            },
          ],
          "type": "ul",
        },
      ],
      "type": "div",
    },
  ],
  Symbol(enzyme.__options__): Object {
    "adapter": ReactSixteenAdapter {
      "options": Object {
        "enableComponentDidUpdateOnSetState": true,
      },
    },
  },
}
`;
